// Jest Snapshot v1, https://goo.gl/fbAQLP

exports[`<Article/> should render an article 1`] = `
<div>
  <article
    class="article undefined"
  >
    <figure
      class="imageHolder"
    >
      <a
        target="_blank"
        href="https://www.asianage.com/life/health/261019/consuming-low-salt-can-keep-dementia-way.html"
      >
        <img
          src="https://s3.ap-southeast-1.amazonaws.com/images.asianage.com/images/aa-Cover-1md2vcqecn2d58pku3nt05spm4-20191026130151.jpeg"
          alt="Consuming low salt can keep dementia way - The Asian Age"
        />
      </a>
    </figure>
    <div
      class="content"
    >
      <h3
        class="title"
      >
        <a
          target="_blank"
          href="https://www.asianage.com/life/health/261019/consuming-low-salt-can-keep-dementia-way.html"
        >
          Consuming low salt can keep dementia way - The Asian Age
        </a>
      </h3>
      <div
        class="description"
      >
        <a
          target="_blank"
          href="https://www.asianage.com/life/health/261019/consuming-low-salt-can-keep-dementia-way.html"
        >
          Studies reveal that low-salt diet can stave off dementia.
        </a>
      </div>
      <div
        class="meta"
      >
        by
        <a
          href="https://www.asianage.com"
          target="_blank"
          class="author"
        >
          Asianage.com
        </a>
        <span
          class="timestamp"
        >
          Oct 26, 2019
        </span>
      </div>
    </div>
  </article>
</div>
`;
